// Jest Snapshot v1, https://goo.gl/fbAQLP

exports[`render HeaderLeft 1`] = `
<Header
  as="h3"
>
  Get answers for Words with Friends or Scrabble!
  <HeaderSubheader>
    <h4>
      Click on a tile below, select a direction, and enter a word.
    </h4>
  </HeaderSubheader>
</Header>
`;
